unknown
Socket onunknown
MySQL server has gone awayseblash
Socket onseblash
Socket onseblash
Socket onseblash
Socket onProfetaMundial
Socket onProfetaMundial
Socket onseblash
Socket onseblash
Socket onseblash
Socket onseblash
Socket onseblash
Socket onseblash
Socket onseblash
Socket onseblash
Socket onseblash
Socket onseblash
Socket onseblash
Socket onseblash
Socket onseblash
Socket onseblash
Socket onseblash
Socket onseblash
Socket onseblash
Socket onseblash
Socket onseblash
seblash
Actualizado en DB
Socket on
seblash
Actualizado en DB
Socket on
seblash
MySQL server has gone awayseblash
Actualizado en DB
Socket on
seblash
MySQL server has gone away
Warning: socket_bind(): unable to bind address [98]: Address already in use in /home/u902375025/public_html/socket_server.php on line 11
Could not bind to socket

Warning: socket_bind(): unable to bind address [98]: Address already in use in /home/u902375025/public_html/socket_server.php on line 11
Could not bind to socket

Warning: socket_bind(): unable to bind address [98]: Address already in use in /home/u902375025/public_html/socket_server.php on line 11
Could not bind to socket
seblash
Socket on
Error: 0Array
(
    [0] => seblash
)
unknown
Socket on
Error: 0Array
(
    [0] => seblash
)
unknown
Socket on
Error: 0Array
(
    [0] => seblash
)
unknown
Socket on
Error: 0Array
(
    [0] => seblash
)
seblash
Socket on
Error: 0Array
(
    [0] => seblash
)
unknown
Socket on
Error: 0Array
(
    [0] => seblash
)
seblash
Socket on
Error: 0Array
(
    [0] => seblash
)
ProfetaMundial
Socket on
Error: 0Array
(
    [0] => seblash
    [3] => ProfetaMundial
)
seblash
Socket on
Error: 0Array
(
    [0] => seblash
    [3] => ProfetaMundial
)
seblash
Socket on
Error: 0Array
(
    [0] => seblash
    [3] => ProfetaMundial
)
seblash
Socket on
Error: 0Array
(
    [0] => seblash
    [3] => ProfetaMundial
)
seblash
Socket on
Error: 0Array
(
    [0] => seblash
    [3] => ProfetaMundial
)
seblash
Socket on
Error: 0Array
(
    [0] => seblash
    [3] => ProfetaMundial
)
seblash
Socket on
Error: 0Array
(
    [0] => seblash
    [3] => ProfetaMundial
)
seblash
Socket on
Error: 0Array
(
    [0] => seblash
    [3] => ProfetaMundial
)
seblash
Socket on
Error: 0Array
(
    [0] => seblash
    [3] => ProfetaMundial
)
seblash
Socket on
Error: 0Array
(
    [0] => seblash
)
seblash
Socket on
Error: 0Array
(
    [0] => seblash
)
